// Jest Snapshot v1, https://goo.gl/fbAQLP

exports[`cors with "data" should return properly 1`] = `
Object {
  "body": "{\\"name\\":\\"John Doe\\"}",
  "headers": Object {
    "Access-Control-Allow-Credentials": true,
    "Access-Control-Allow-Headers": "Accept-Version,Accept,Authorization,Content-Length,Content-MD5,Content-Type,Date,x-amz-date,x-amz-security-token,X-Api-Version,X-CSRF-Token,X-Requested-With",
    "Access-Control-Allow-Methods": "GET,OPTIONS",
    "Access-Control-Allow-Origin": "*",
  },
  "statusCode": 200,
}
`;

exports[`cors with "methods, origin and allowedHeaders" should return properly 1`] = `
Object {
  "body": "null",
  "headers": Object {
    "Access-Control-Allow-Credentials": true,
    "Access-Control-Allow-Headers": "Accept-Version,Accept,Authorization,Content-Length,Content-MD5,Content-Type,Date,x-amz-date,x-amz-security-token,X-Api-Version,X-CSRF-Token,X-Requested-With,x-test",
    "Access-Control-Allow-Methods": "POST,OPTIONS",
    "Access-Control-Allow-Origin": "https://example.com",
  },
  "statusCode": 201,
}
`;

exports[`cors with "responseHeaders" should return properly 1`] = `
Object {
  "body": "[{\\"name\\":\\"John Doe\\"}]",
  "headers": Object {
    "Access-Control-Allow-Credentials": true,
    "Access-Control-Allow-Headers": "Accept-Version,Accept,Authorization,Content-Length,Content-MD5,Content-Type,Date,x-amz-date,x-amz-security-token,X-Api-Version,X-CSRF-Token,X-Requested-With",
    "Access-Control-Allow-Methods": "GET,OPTIONS",
    "Access-Control-Allow-Origin": "*",
    "Access-Control-Expose-Headers": "Link,X-Items-Total,X-Items-Per-Page,X-Items-From,X-Items-To",
    "Link": "</?page=10>; rel=\\"current\\", </?page=10>; rel=\\"last\\", </?page=9>; rel=\\"prev\\"",
    "X-Items-From": "901",
    "X-Items-Per-Page": "100",
    "X-Items-To": "938",
    "X-Items-Total": "938",
  },
  "statusCode": 200,
}
`;

exports[`request should handle options 1`] = `
Object {
  "body": "bar",
  "id": 101,
  "title": "foo",
  "userId": 1,
}
`;

exports[`request should handle success 1`] = `
Object {
  "body": "quia et suscipit recusandae consequuntur expedita et cum reprehenderit molestiae ut ut quas totam nostrum rerum est autem sunt rem eveniet architecto",
  "id": 1,
  "title": "Sunt aut facere repellat provident occaecati excepturi optio reprehenderit",
  "userId": 1,
}
`;
